<?xml version="1.0" encoding="UTF-8"?>
<testsuites name="jest tests" tests="14" failures="1" errors="0" time="11.787">
  <testsuite name="specs/brands.spec.ts" errors="0" failures="1" skipped="0" timestamp="2025-05-07T14:56:13" time="11.398" tests="14">
    <testcase classname="brands" name="GET brands" time="2.475">
    </testcase>
    <testcase classname="brands › POST create a new brand › Create brands" name="Create a new brand" time="0.491">
    </testcase>
    <testcase classname="brands › POST create a new brand" name="Schema verification - Name is a mandatory field" time="0.389">
    </testcase>
    <testcase classname="brands › POST create a new brand" name="Schema verification - Name with 2 symbols validation - Valid check" time="0.478">
      <failure>Error: expect(received).toBe(expected) // Object.is equality

Expected: 200
Received: 422
    at /Users/ihor/Desktop/api_automation/specs/brands.spec.ts:106:31
    at Generator.next (&lt;anonymous&gt;)
    at fulfilled (/Users/ihor/Desktop/api_automation/specs/brands.spec.ts:5:58)
    at processTicksAndRejections (node:internal/process/task_queues:105:5)</failure>
    </testcase>
    <testcase classname="brands › POST create a new brand" name="Schema verification - Name with 1 symbol validation - test failed" time="0.378">
    </testcase>
    <testcase classname="brands › POST create a new brand" name="Duplicate brand entries are not allowed" time="0.464">
    </testcase>
    <testcase classname="brands › POST create a new brand" name="Business logic - GET /brands/invalidId will throw an error" time="0.376">
    </testcase>
    <testcase classname="brands › POST create a new brand" name="Business logic - GET /brands/incorrect_id will throw an error" time="0.471">
    </testcase>
    <testcase classname="brands › POST create a new brand" name="POST Brand description must be a string" time="0.371">
    </testcase>
    <testcase classname="brands" name="GET brand/:id" time="0.465">
    </testcase>
    <testcase classname="brands › PUT update brand information" name="PUT" time="0.575">
    </testcase>
    <testcase classname="brands › PUT update brand information" name="PUT check name validation on 30 symbols are allowed" time="0.664">
    </testcase>
    <testcase classname="brands › PUT update brand information" name="PUT check name validation on 31 symbols are not allowed" time="0.371">
    </testcase>
    <testcase classname="brands › PUT update brand information" name="PUT An error is shown when updating invalid brand" time="0.473">
    </testcase>
  </testsuite>
</testsuites>